file:///C:/Users/dashi/OneDrive/Desktop/Finance%20Paisa/Finance%20Paisa%20Website/frontend/test.js:1
const puppeteer = require('puppeteer');
                  ^

ReferenceError: require is not defined in ES module scope, you can use import instead
This file is being treated as an ES module because it has a '.js' file extension and 'C:\Users\dashi\OneDrive\Desktop\Finance Paisa\Finance Paisa Website\frontend\package.json' contains "type": "module". To treat it as a CommonJS script, rename it to use the '.cjs' file extension.
    at file:///C:/Users/dashi/OneDrive/Desktop/Finance%20Paisa/Finance%20Paisa%20Website/frontend/test.js:1:19
    at ModuleJob.run (node:internal/modules/esm/module_job:329:25)
    at async onImport.tracePromise.__proto__ (node:internal/modules/esm/loader:644:26)
    at async asyncRunEntryPointWithESMLoader (node:internal/modules/run_main:117:5)

Node.js v22.17.1
